// Jest Snapshot v1, https://goo.gl/fbAQLP

exports[`search for citizen kane, assert results 1`] = `
<div
  class="SearchResults"
  data-testid="search-results"
>
  <div
    class="SearchResults_ConfirmFavorites"
  >
    <form>
      <a
        href="/confirmation"
      >
        <button
          class="Button disabled"
          disabled=""
          type="submit"
        >
          Confirm Favorites
        </button>
      </a>
    </form>
  </div>
  <div
    class="SearchResults_Data"
  >
    <div
      class="MovieThumbnail"
      data-imdbid="tt0033467"
      data-testid="Citizen Kane1941"
    >
      <img
        alt="Citizen Kane"
        class="MovieThumbnail_Image"
        src="https://m.media-amazon.com/images/M/MV5BYjBiOTYxZWItMzdiZi00NjlkLWIzZTYtYmFhZjhiMTljOTdkXkEyXkFqcGdeQXVyNzkwMjQ5NzM@._V1_SX300.jpg"
      />
      <div
        class="MovieThumbnail_AddToFavorites"
      >
        <div
          class="MovieThumbnail_AddToFavorites_Message"
        >
          Add to Favorites
        </div>
      </div>
    </div>
    <div
      class="MovieThumbnail"
      data-imdbid="tt1356393"
      data-testid="Beyond Citizen Kane1993"
    >
      <img
        alt="Beyond Citizen Kane"
        class="MovieThumbnail_Image"
        src="https://m.media-amazon.com/images/M/MV5BMDEwMjAwZGEtZmMwNi00NmJhLWJlZjktNzg4MjdhNmVjY2U3XkEyXkFqcGdeQXVyMTkzODUwNzk@._V1_SX300.jpg"
      />
      <div
        class="MovieThumbnail_AddToFavorites"
      >
        <div
          class="MovieThumbnail_AddToFavorites_Message"
        >
          Add to Favorites
        </div>
      </div>
    </div>
    <div
      class="MovieThumbnail"
      data-imdbid="tt0212466"
      data-testid="Reflections on 'Citizen Kane'1991"
    >
      <div
        class="MovieThumbnail_Image --no-image"
      >
        Reflections on 'Citizen Kane'
         - 
        1991
      </div>
      <div
        class="MovieThumbnail_AddToFavorites"
      >
        <div
          class="MovieThumbnail_AddToFavorites_Message"
        >
          Add to Favorites
        </div>
      </div>
    </div>
    <div
      class="MovieThumbnail"
      data-imdbid="tt2912252"
      data-testid="The Complete Citizen Kane1991"
    >
      <div
        class="MovieThumbnail_Image --no-image"
      >
        The Complete Citizen Kane
         - 
        1991
      </div>
      <div
        class="MovieThumbnail_AddToFavorites"
      >
        <div
          class="MovieThumbnail_AddToFavorites_Message"
        >
          Add to Favorites
        </div>
      </div>
    </div>
    <div
      class="MovieThumbnail"
      data-imdbid="tt1387142"
      data-testid="Citizen versus Kane2009"
    >
      <img
        alt="Citizen versus Kane"
        class="MovieThumbnail_Image"
        src="https://m.media-amazon.com/images/M/MV5BMjg2ODM3MjI3NF5BMl5BanBnXkFtZTcwNDc0ODk1Mg@@._V1_SX300.jpg"
      />
      <div
        class="MovieThumbnail_AddToFavorites"
      >
        <div
          class="MovieThumbnail_AddToFavorites_Message"
        >
          Add to Favorites
        </div>
      </div>
    </div>
    <div
      class="MovieThumbnail"
      data-imdbid="tt2626774"
      data-testid="Citizen Kane and Zombies2011"
    >
      <div
        class="MovieThumbnail_Image --no-image"
      >
        Citizen Kane and Zombies
         - 
        2011
      </div>
      <div
        class="MovieThumbnail_AddToFavorites"
      >
        <div
          class="MovieThumbnail_AddToFavorites_Message"
        >
          Add to Favorites
        </div>
      </div>
    </div>
    <div
      class="MovieThumbnail"
      data-imdbid="tt5733042"
      data-testid="Restoring Citizen Kane2012"
    >
      <div
        class="MovieThumbnail_Image --no-image"
      >
        Restoring Citizen Kane
         - 
        2012
      </div>
      <div
        class="MovieThumbnail_AddToFavorites"
      >
        <div
          class="MovieThumbnail_AddToFavorites_Message"
        >
          Add to Favorites
        </div>
      </div>
    </div>
  </div>
</div>
`;
